2026-04-13 13:44:19,996 | ERROR | asyncio | Future exception was never retrieved
future: <Future finished exception=PermissionError(13, 'Acceso denegado', None, 5, None)>
Traceback (most recent call last):
  File "C:\Python\IABV_v1.5\src\iabv_v15\services\tools\ui_execution_runner.py", line 716, in _capture_browser_dom_response
    controller.start()
    ~~~~~~~~~~~~~~~~^^
  File "C:\Python\IABV_v1.5\src\iabv_v15\services\capture\browser_session_controller.py", line 135, in start
    self._pw = sync_playwright().start()
               ~~~~~~~~~~~~~~~~~~~~~~~^^
  File "C:\Users\faber\miniconda3\Lib\site-packages\playwright\sync_api\_context_manager.py", line 84, in start
    return self.__enter__()
           ~~~~~~~~~~~~~~^^
  File "C:\Users\faber\miniconda3\Lib\site-packages\playwright\sync_api\_context_manager.py", line 77, in __enter__
    dispatcher_fiber.switch()
    ~~~~~~~~~~~~~~~~~~~~~~~^^
  File "C:\Users\faber\miniconda3\Lib\site-packages\playwright\sync_api\_context_manager.py", line 56, in greenlet_main
    self._loop.run_until_complete(self._connection.run_as_sync())
    ~~~~~~~~~~~~~~~~~~~~~~~~~~~~~^^^^^^^^^^^^^^^^^^^^^^^^^^^^^^^^
  File "C:\Users\faber\miniconda3\Lib\asyncio\base_events.py", line 725, in run_until_complete
    return future.result()
           ~~~~~~~~~~~~~^^
  File "C:\Users\faber\miniconda3\Lib\site-packages\playwright\_impl\_connection.py", line 303, in run_as_sync
    await self.run()
  File "C:\Users\faber\miniconda3\Lib\site-packages\playwright\_impl\_connection.py", line 312, in run
    await self._transport.connect()
  File "C:\Users\faber\miniconda3\Lib\site-packages\playwright\_impl\_transport.py", line 133, in connect
    raise exc
  File "C:\Users\faber\miniconda3\Lib\site-packages\playwright\_impl\_transport.py", line 120, in connect
    self._proc = await asyncio.create_subprocess_exec(
                 ^^^^^^^^^^^^^^^^^^^^^^^^^^^^^^^^^^^^^
    ...<9 lines>...
    )
    ^
  File "C:\Users\faber\miniconda3\Lib\asyncio\subprocess.py", line 224, in create_subprocess_exec
    transport, protocol = await loop.subprocess_exec(
                          ^^^^^^^^^^^^^^^^^^^^^^^^^^^
    ...<3 lines>...
        stderr=stderr, **kwds)
        ^^^^^^^^^^^^^^^^^^^^^^
  File "C:\Users\faber\miniconda3\Lib\asyncio\base_events.py", line 1794, in subprocess_exec
    transport = await self._make_subprocess_transport(
                ^^^^^^^^^^^^^^^^^^^^^^^^^^^^^^^^^^^^^^
        protocol, popen_args, False, stdin, stdout, stderr,
        ^^^^^^^^^^^^^^^^^^^^^^^^^^^^^^^^^^^^^^^^^^^^^^^^^^^
        bufsize, **kwargs)
        ^^^^^^^^^^^^^^^^^^
  File "C:\Users\faber\miniconda3\Lib\asyncio\windows_events.py", line 401, in _make_subprocess_transport
    transp = _WindowsSubprocessTransport(self, protocol, args, shell,
                                         stdin, stdout, stderr, bufsize,
                                         waiter=waiter, extra=extra,
                                         **kwargs)
  File "C:\Users\faber\miniconda3\Lib\asyncio\base_subprocess.py", line 39, in __init__
    self._start(args=args, shell=shell, stdin=stdin, stdout=stdout,
    ~~~~~~~~~~~^^^^^^^^^^^^^^^^^^^^^^^^^^^^^^^^^^^^^^^^^^^^^^^^^^^^
                stderr=stderr, bufsize=bufsize, **kwargs)
                ^^^^^^^^^^^^^^^^^^^^^^^^^^^^^^^^^^^^^^^^^
  File "C:\Users\faber\miniconda3\Lib\asyncio\windows_events.py", line 879, in _start
    self._proc = windows_utils.Popen(
                 ~~~~~~~~~~~~~~~~~~~^
        args, shell=shell, stdin=stdin, stdout=stdout, stderr=stderr,
        ^^^^^^^^^^^^^^^^^^^^^^^^^^^^^^^^^^^^^^^^^^^^^^^^^^^^^^^^^^^^^
        bufsize=bufsize, **kwargs)
        ^^^^^^^^^^^^^^^^^^^^^^^^^^
  File "C:\Users\faber\miniconda3\Lib\asyncio\windows_utils.py", line 136, in __init__
    stdin_rh, stdin_wh = pipe(overlapped=(False, True), duplex=True)
                         ~~~~^^^^^^^^^^^^^^^^^^^^^^^^^^^^^^^^^^^^^^^
  File "C:\Users\faber\miniconda3\Lib\asyncio\windows_utils.py", line 63, in pipe
    h2 = _winapi.CreateFile(
        address, access, 0, _winapi.NULL, _winapi.OPEN_EXISTING,
        flags_and_attribs, _winapi.NULL)
PermissionError: [WinError 5] Acceso denegado
